// Jest Snapshot v1, https://goo.gl/fbAQLP

exports[`Prueba del componente GifGrid Debe de mostrarse correctamente 1`] = `
<Fragment>
  <h3
    className="animate__animated animate__fadeIn"
  >
     
    One Punch
  </h3>
  <p
    className="animate__animated animate__flash"
  >
    Loading...
  </p>
  <div
    className="card-grid-gif"
  />
</Fragment>
`;
